---
source: src/range.rs
expression: p
---
Parts {
    status: 416,
    version: HTTP/1.1,
    headers: {
        "accept-ranges": "bytes",
        "content-range": "bytes */475",
    },
}
