---
source: src/range.rs
expression: p
---
Parts {
    status: 206,
    version: HTTP/1.1,
    headers: {
        "accept-ranges": "bytes",
        "content-range": "bytes 473-474/475",
        "content-length": "2",
        "content-type": "text/plain",
    },
}
