---
source: src/range.rs
expression: p
---
Parts {
    status: 200,
    version: HTTP/1.1,
    headers: {
        "accept-ranges": "bytes",
        "last-modified": "Mon, 15 Jun 2020 10:29:06 GMT",
        "content-length": "475",
        "content-type": "text/plain",
    },
}
