---
source: src/range.rs
expression: p
---
Parts {
    status: 206,
    version: HTTP/1.1,
    headers: {
        "accept-ranges": "bytes",
        "last-modified": "Mon, 15 Jun 2020 10:29:06 GMT",
        "content-length": "3",
        "content-type": "text/html",
        "content-range": "bytes 1-3/475",
    },
}
